componentslist.dfm
componentslist.dfm
componentslist.dfm
componentslist.dfm
componentslist.dfm
componentslist.dfm
componentslist.dfm
componentslist.dfm
componentslist.dfm
componentslist.dfm
componentslist.dfm
componentslist.dfm
componentslist.dfm
componentslist.dfm
componentslist.dfm
componentslist.dfm
componentstree.dfm
componentstree.dfm
componentstree.dfm
componentstree.dfm
componentstree.dfm
componentstree.dfm
componentstree.dfm
componentstree.dfm
componentstree.dfm
componentstree.dfm
componentstree.dfm
componentstree.dfm
componentstree.dfm
componentstree.dfm
componentstree.dfm
destination.dfm
destination.dfm
destination.dfm
destination.dfm
destination.dfm
destination.dfm
destination.dfm
destination.dfm
destination.dfm
destination.dfm
destination.dfm
destination.dfm
destination.dfm
destination.dfm
finish.dfm
finish.dfm
finish.dfm
finish.dfm
finish.dfm
finish.dfm
finish.dfm
finish.dfm
finish.dfm
finish.dfm
licensecheck.dfm
licensecheck.dfm
licensecheck.dfm
licensecheck.dfm
licensecheck.dfm
licensecheck.dfm
licensecheck.dfm
licensecheck.dfm
licenseradio.dfm
licenseradio.dfm
licenseradio.dfm
licenseradio.dfm
licenseradio.dfm
licenseradio.dfm
licenseradio.dfm
licenseradio.dfm
licenseradio.dfm
licensetext.dfm
licensetext.dfm
licensetext.dfm
licensetext.dfm
licensetext.dfm
licensetext.dfm
licensetext.dfm
licensetext.dfm
licensetext.dfm
maintenance.dfm
maintenance.dfm
maintenance.dfm
maintenance.dfm
maintenance.dfm
maintenance.dfm
maintenance.dfm
maintenance.dfm
maintenance.dfm
maintenance.dfm
maintenance.dfm
maintenance.dfm
maintenance.dfm
prereq.dfm
prereq.dfm
prereq.dfm
prereq.dfm
prereq.dfm
prereq.dfm
prereq.dfm
prereq.dfm
progress.dfm
progress.dfm
progress.dfm
progress.dfm
progress.dfm
progress.dfm
progress.dfm
progress.dfm
progress.dfm
progressprereq.dfm
progressprereq.dfm
progressprereq.dfm
progressprereq.dfm
progressprereq.dfm
progressprereq.dfm
progressprereq.dfm
readme.dfm
readme.dfm
readme.dfm
readme.dfm
readme.dfm
readme.dfm
readme.dfm
readme.dfm
registration.dfm
registration.dfm
registration.dfm
registration.dfm
registration.dfm
registration.dfm
registration.dfm
registration.dfm
registration.dfm
registration.dfm
registration.dfm
registrationwithserial.dfm
registrationwithserial.dfm
registrationwithserial.dfm
registrationwithserial.dfm
registrationwithserial.dfm
registrationwithserial.dfm
registrationwithserial.dfm
registrationwithserial.dfm
registrationwithserial.dfm
registrationwithserial.dfm
registrationwithserial.dfm
registrationwithserial.dfm
registrationwithserial.dfm
registrationwithserial.dfm
registrationwithserial.dfm
registrationwithserial.dfm
registrationwithserial.dfm
startinstallation.dfm
startinstallation.dfm
startinstallation.dfm
startinstallation.dfm
startinstallation.dfm
startinstallation.dfm
startinstallation.dfm
startinstallation.dfm
startmenu.dfm
startmenu.dfm
startmenu.dfm
startmenu.dfm
startmenu.dfm
startmenu.dfm
startmenu.dfm
startmenu.dfm
startmenu.dfm
startmenu.dfm
startmenu.dfm
startmenu.dfm
startmenu.dfm
welcome.dfm
welcome.dfm
welcome.dfm
welcome.dfm
welcome.dfm
welcome.dfm
welcome.dfm
welcome.dfm
welcome.dfm
welcome.dfm
welcome.dfm
wizard.dfm
wizard.dfm
wizard.dfm
wizard.dfm
wizard.dfm
wizard.dfm
wizard.dfm
SetVariable
SetVariable
SetVariable
SetVariable
SetVariable
SetVariable
SetVariable
SetVariable
SetVariable
SetVariable
SetVariable
SetVariable
SetVariable
SetVariable
SetVariable
SetVariable
SetVariable
Shortcut
Shortcut
Shortcut
Shortcut
Shortcut
Shortcut
DefComponent
DefComponent
GetComponent
xMessageBox
xMessageBox
xMessageBox
xMessageBox
xMessageBox
xMessageBox
xMessageBox
xMessageBox
If
If
If
If
If
If
If
If
If
If
If
If
If
If
If
If
If
If
If
If
If
If
If
If
If
If
If
If
If
If
If
If
If
If
If
If
If
If
If
If
If
If
If
If
If
If
If
If
If
If
If
If
If
If
SetVariable
SetVariable
SetVariable
If
If
SetVariable
SetVariable
SetVariable
xMessageBox
xMessageBox
xMessageBox
xMessageBox
xMessageBox
xMessageBox
If
If
If
If
If
If
If
If
If
If
If
If
